- La emisora de radio Planicie transmite desde San Juan del Urigancho y Guantayacucho.
- Se informa sobre el clima en la capital, con lloviznas y frío, y se pide precaución a los transportistas debido a las pistas húmedas.
- Se comenta sobre el partido de fútbol en el que Perú perdió contra Brasil en el último minuto.
- Se anuncia un análisis deportivo en Planicie Deportes a la una de la tarde.
- En la coyuntura política, se discute sobre una comisión que pretende investigar a la Junta Nacional de Justicia.
- Se menciona un titular del diario La República que emplaza al presidente del Poder Judicial, Javier Arevalo, a aclarar si fue presionado por tres magistrados de la Junta Nacional de Justicia.
- Se menciona que el jurista y ex primer ministro, Pedro Cateriano, considera que las acciones del Congreso contra la Junta Nacional de Justicia son una amenaza al orden constitucional.
- Se critica la intervención del gobierno y la cancillería en defensa del Congreso frente a la ONU.
- La Comisión de Relaciones Exteriores exhortó al ejecutivo a retirar al representante de la ONU en Perú, Igor de Torretagle, debido a su pronunciamiento sobre la Junta Nacional de Justicia.
- El internacionalista Oscar Vidarte expresó preocupación por la influencia del Congreso en la política exterior, lo que podría ser perjudicial y peligroso.
- Se cuestiona la independencia de los poderes y la constitucionalidad en el país, con congresistas investigados que investigan a magistrados.
- Se menciona la necesidad de responder a organismos internacionales como la ONU, la OEA y la Corte Interamericana de Derechos Humanos.
- Se pide al presidente del Poder Judicial aclarar si fue presionado por el presidente de Justicia.
- La Comisión de Justicia del Congreso inició una investigación sumaria contra los miembros de la Junta Nacional de Justicia.
- Se cuestiona la demora en la investigación al presidente del Congreso, Alejandro Soto, quien tiene más de cincuenta y cinco denuncias.
- El texto habla sobre la insatisfacción de la población peruana con el Congreso y su presidente, que tiene una baja aprobación.
- El decano de abogados de la libertad Trujillo advierte que la destitución de la Junta Nacional de Justicia podría politizar aún más la justicia.
- Se menciona que los congresistas actúan según órdenes y no reflexionan sobre sus acciones.
- Se sugiere que Keiko Fujimori está involucrada en el gobierno, a pesar de haber denunciado fraude en las elecciones.
- Pedro Cateriano Bellido, ex premier y ministro de defensa, critica las acciones antidemocráticas de Fujimori y advierte que la destitución de la Junta Nacional de Justicia podría llevar a un quiebre del estado de derecho.
- Cateriano también critica la alianza entre el fujimorismo y el cerronismo, que privilegia intereses partidarios y económicos sobre el interés nacional.
- Cateriano sugiere que la lucha ciudadana es una posible solución para liberarse del actual Congreso.
