- Los rapiditulares del diario del Cusco del 13 de septiembre del 2023 informan sobre la creciente inseguridad ciudadana en Cusco, con un 30.9% de la población víctima de delitos en el primer semestre del año.
- Se capturó al exalcalde de Pocoraque, Hilberto Campanoca Chejo, acusado de corrupción.
- La jueza cusqueña Zulay Sánchez Farfán está siendo investigada por la Autoridad Nacional de Control por liberar a implicados en una mafia de tratantes de bebés.
- Es salud invierte más de cuatro mil trescientos millones de soles en la construcción de diez nuevos hospitales en el país.
- La presidenta Dina Boloarte reafirma la lucha del Gobierno Nacional contra el narcoterrorismo en el FRAN.
- Perú perdió ante Brasil en un partido de fútbol en Lima.
- Se han administrado más de un millón ochocientos doce mil vacunas contra la COVID-19.
- La Corte Superior de Justicia de Cusco impulsa la creación de juzgados de paz en las zonas más alejadas de la región.
- El Gobierno Nacional financiará la ampliación y mejoramiento del Petar San Jerónimo, con una inversión que supera los 176 millones de soles.
- Se designó una nueva funcionaria en PROM Perú para la promoción del turismo.
- Se gestionan la instalación de un tomógrafo y un mamógrafo en el Hospital Tupac Amaru, así como la digitalización de historias clínicas de pacientes en el Cusco.
- Se pronostica que Perú tendrá el peor resultado de desarrollo económico de los últimos 20 años.
- El Ministro de Defensa, Jorge Chávez, será interpelado en el Congreso.
- Se rompió una tubería matriz de agua en el Centro Histórico de Cusco.
- El Ministerio de Cultura investiga una vivienda construida por Alejandro Soto en Yucay.
- El equipo de fútbol Cienciano tuvo su primer entrenamiento bajo la dirección de Ibañez.
- Electro Sureste celebra 40 años de proveer energía eléctrica a más de 639 mil clientes.
- Los controles prenatales son esenciales para el bienestar de la madre y el bebé, y están disponibles gratuitamente a través del CIS.
- Perú Rail es el único medio de transporte para los residentes de Machu Picchu y sus comunidades, con tarifas asequibles y horarios diarios.
- La ciudad de Cusco está enfrentando una sequía y el fenómeno del niño, lo que amenaza las fuentes de agua. Seda Cusco insta a la comunidad a conservar agua y reparar fugas.
- Subcafae Cusco ofrece préstamos con bajas tasas de interés, con nueve agencias en la región.
- La lactancia materna es esencial para el crecimiento y desarrollo saludable de los niños, y se deben seguir ciertos consejos para asegurar una lactancia exitosa.
- La temperatura en el territorio nacional oscila entre un grado y veinticuatro grados celsius.
- A pesar de la derrota de Perú ante Brasil en el fútbol, el equipo mostró un rendimiento positivo y unido.
- Brasil ganó a Perú en la segunda fecha de las eliminatorias de Sudamérica para el Mundial, con un gol de Marquineos en el minuto 90.
- La selección peruana no logró sumar puntos tras un empate sin goles con Paraguay en la primera jornada.
- La inseguridad ciudadana en Cusco está en aumento, con un incremento en hechos delictivos y falta de acciones concretas de las autoridades.
- Según el Instituto Nacional de Estadística e Informática, el 30.9% de la población de Cusco ha sido víctima de un hecho delictivo en el primer semestre del año.
- La percepción de inseguridad en Cusco alcanza el 92,5%, siendo la tercera ciudad en el país con esta alta tasa de preocupación.
- El exalcalde de Coporaje, Edilberto Campanoca, fue capturado acusado de delito de corrupción, junto a siete exfuncionarios y proveedores involucrados en actos de corrupción.
- Los hospitales en la región de Cusco están colapsados y no hay espacio para los pacientes que acuden diariamente.
- Continúan los incendios forestales en diferentes sectores de la región de Cusco.
- Se advierte sobre la presencia de notarios falsos en Cusco, especialmente durante los fines de semana.
- El estado peruano ha detenido a Anabel Guamán, Benedicta Pila, Sonia Huaygua y tres presuntos cómplices más en un operativo contra la corrupción.
- El operativo fue llevado a cabo por la dirección contra la corrupción de la Policía Nacional y contó con la presencia de 11 fiscales de la Fiscalía Provincial Corporativa Especializada en Delitos de Corrupción de Funcionarios de Cusco.
- Según el informe fiscal, la red criminal dirigida por el exalcalde de la Municipalidad de Coporaque, Edilberto Companoca, favoreció a familiares y allegados en diversos procesos de selección y órdenes de servicio.
- Companoca y sus cómplices, algunos de los cuales eran funcionarios de las oficinas de administración, abastecimiento e infraestructura, enfrentarán cargos por delitos contra la administración pública, corrupción agravada y otros delitos contra la tranquilidad pública.
- La red criminal causó un perjuicio económico de aproximadamente 2 millones de soles al estado peruano.
- Se anuncia una serie de eventos y celebraciones que se llevarán a cabo del 29 de septiembre al 2 de octubre.
- Se recuerda el segundo aniversario del fallecimiento de la señora Hilda Sebastiana Chávez Samayoa, y se invita a la misa en su honor el 14 de septiembre en el Templo de San Francisco.
- El Colegio de Notarios de Cusco y Madre de Dios advierte sobre la existencia de notarios no autorizados y proporciona una lista de los nueve notarios autorizados en la provincia.
- La oficina descentralizada de la Autoridad Nacional de Control del Poder Judicial del Cusco inicia una investigación preliminar a la jueza Zulaida Sánchez Farfán por haber otorgado libertad a dos de los tres implicados en un caso de trata de personas.
- La semana anterior, la Policía Nacional detuvo a tres personas sospechosas de participar en la compra venta de un bebé cuya procedencia era desconocida.
- Se investiga el tráfico de 15 a 20 recién nacidos desde un centro obstétrico en la región de Cusco, Perú. Tres sospechosos fueron detenidos, pero dos fueron liberados, causando indignación en la población.
- El IPLA Cusco, un centro binacional de enseñanza del inglés con más de 67 años de experiencia, ofrece clases virtuales, presenciales y híbridas.
- Se ha iniciado un concurso para la creación de la bandera, el escudo y el himno del distrito histórico de Tinta.
- Se han producido incendios forestales en la provincia de Kansas, en el distrito de Tinta. Se pide a la Policía Nacional del Perú que investigue y sancione a los responsables.
- Las lluvias en el distrito de Zicuani han causado aniegos en las calles debido a la falta de un adecuado sistema de alcantarillado.
- Se realizará una serenata en honor al señor de Coyloriti en la ciudad de Zicuani.
- Hay frustración entre estudiantes y docentes debido a problemas con las plataformas del Ministerio de Educación para la inscripción en concursos nacionales.
- La inseguridad ciudadana en Cusco está aumentando, con un 30.9% de la población víctima de un hecho delictivo en el primer semestre del año.
- El Control Interno del Poder Judicial está investigando a las juezas del caso de la mafia de bebés.
- El arzobispado del Cusco pide a los peregrinos que vayan al santuario del señor de Huanca con fe y respeto.
- El alcalde de Coporan, acusado de corrupción, ha sido capturado.
- Se están llevando a cabo investigaciones sobre delitos que involucran a varios proveedores y funcionarios.
- Algunos de estos funcionarios ahora trabajan en entidades públicas de Cusco, Espinal y Chumbivilcas.
- Se discute el desempeño de la selección de fútbol peruana y su técnico, Juan Máximo Reynoso.
- Se menciona la posibilidad de que Perú clasifique para la Copa Mundial si continúa jugando como lo ha hecho.
- Se informa sobre el colapso de los sistemas de desagüe y las inundaciones en Quilabamba, y se recuerda al exalcalde Hermán de la Torre Dueñas.
- Se anuncia la construcción de la infraestructura del hospital de Quilabamba, que había sido olvidada durante años.
- Se menciona la reasignación del ex director de la institución educativa Manco Segundo, Tomás Barrios Vargas, a la institución educativa Inka Garcilaso de la Vega en Cusco.
- Se promociona la clínica peruana suiza, que ofrece servicios de emergencia las 24 horas del día.
- Un oyente expresa su preocupación por lo que percibe como una dictadura bajo la presidencia de Dina Boloarte.
- El hablante critica la actual administración del gobierno, acusándola de convertirse en una dictadura autocrática y criminal.
- Afirma que el gobierno ha tomado control de varias instituciones, incluyendo el Ejecutivo, el Legislativo, el Tribunal Constitucional, la Procuraduría, la Contraloría, la Fiscalía de la Nación, las Fuerzas Armadas y la Policía.
- Sugiere que los alcaldes y gobernadores de todo el país están siendo forzados a someterse a la administración actual.
- Llama a la población a reaccionar y cuestionar las acciones del gobierno.
- Se menciona el fallecimiento de la señora Hilda Sebastiana Chávez Zamayoa y se invita a una misa en su honor.
- Una oyente llama para expresar su desacuerdo con las críticas al gobierno, argumentando que todos tienen derecho a sus opiniones pero deben ser prudentes en cómo las expresan.
- Se menciona una oferta de una cuenta a plazo fijo flexible en Cajacuzo.
- Otro oyente llama para informar que no hay vacunas disponibles en su ciudad, a pesar de las afirmaciones del ministro de salud de que hay vacunas en todo el país.
- Se anuncia un corte de energía eléctrica programado en varias áreas.
- Se promociona la clínica peruano suiza, que ofrece servicios de emergencia las 24 horas del día.
- La Clínica Peruana Suiza ofrece promociones con un 50% de descuento en medicina interna general, emergencias y tomografías.
- La clínica también ofrece sesiones médicas de hiperbárica por 150 soles.
- La clínica se encuentra en la Avenida Infancia 443, en la urbanización Quispicanchis, Avenida Peruca 3, Marcavalle.
- Familiares de un fallecido en la feria la Cusqueñísima denuncian falta de apoyo y exigen justicia.
- El Colegio de Notarios de Cusco y Madre de Dios advierte sobre la existencia de notarios falsos y proporciona una lista de notarios autorizados.
- Los controles prenatales son importantes para el crecimiento y desarrollo del bebé y la salud de la madre. El CIS ofrece acceso gratuito a estos controles.
- Perú Rail es la única empresa que brinda el tren local para los habitantes de Machu Picchu y sus comunidades, con pasajes de tres y cinco soles en sus diez horarios todos los días.
- Los turistas nacionales y cusqueños también pueden viajar en el tren local con un boleto de doce soles por ruta y sujeto a la disponibilidad.
- El fenómeno del viño amenaza las fuentes de agua, por lo que se insta a la población a tomar medidas para conservar el agua.
- Seda Cusco invita a la población a unirse a la campaña de conservación del agua, sugiriendo medidas como reparar fugas, usar el agua de manera responsable y regar las plantas en horarios que eviten la evaporación.
- Subcafa de Cusco ofrece créditos con bajas tasas de interés, con préstamos que van desde quinientos hasta sesenta mil soles.
- Se menciona la modernización de la planta de aguas servidas del Cusco y la investigación a la Junta Nacional de Justicia.
- Perú Rail es la única empresa que brinda el tren local para los habitantes de Machu Picchu y sus comunidades, con pasajes asequibles y horarios diarios.
- Se están llevando a cabo obras en Huanchac, incluyendo la construcción de una infraestructura deportiva y recreativa y el Centro Integral del Adulto Mayor.
- Se hace un llamado a la responsabilidad en el uso del agua, instando a la poblidad a cerrar el grifo cuando no se esté usando y a instalar dispositivos ahorradores.
- RTV el diario cambia de canal, pasando del canal 36 al 556 en la señal HD de Movistar a partir del 14 de agosto.
- Movistar HD ha implementado una plataforma de mesa de partes virtual para mantener a su audiencia bien informada.
- Un oyente llamado Lucilla denuncia que no tiene agua en su casa en la Avenida San Martín de la Cooperativa Francisco Bolognesi, a pesar de que le prometieron que llegaría un cisterna.
- Se advierte sobre notarios falsos en la feria de carros de Zaire, recordando que en Cusco solo hay nueve notarios certificados.
- El diario El Comercio de Lima informa que 47 congresistas están siendo investigados por el Ministerio Público, y que 9 ministros del Gobierno Evaluarte y 14 ministros de Castillo están bajo escrutinio fiscal.
- Se denuncia una presunta banda de trata en Cusco que habría vendido al menos 20 bebés.
- Una oyente denuncia el maltrato a los jóvenes en el ejército peruano, con tratos abusivos y castigos severos.
- Efraín Sotomayor Álvarez denuncia un caso de tráfico de seres humanos en el que la juez liberó a la principal sospechosa.
- Se conmemora el nacimiento de la cantante Soledadusta Emperatriz Chávarri del Castillo y la muerte del "Cusquín Universal".
- Martín Jerónimo Chávez Jiménez, reconocido fotógrafo documentalista, nació en Puno y aprendió su arte en Arequipa con Max Vargas y en la escuela de las calles.
- Chávez Jiménez fue reconocido mundialmente en su época, incluso más que presidentes y otros personajes públicos.
- El alcalde Daniel Estrada le hizo una estatua en bronce en la alameda de Pachacute.
- Dina Boluarte, a pesar de ser reina, no gobierna. El guaracino Otárola es quien gobierna.
- El Poder Judicial no funciona correctamente, no se ha logrado capturar a criminales como Sergio Tarachi y Juan Silva Villegas.
- El IFNACusco, con más de 67 años de experiencia en la enseñanza del inglés, ofrece clases virtuales, presenciales o híbridas.
- Se discute la necesidad de más notarios en Cusco debido a la gran población. Sin embargo, se critica la actitud de los notarios actuales, quienes son considerados "reyes en sus oficinas".
- Se mencionan los nombres y ubicaciones de los notarios certificados en Cusco.
- Se hace una denuncia contra la ODEGMA y la OGMA por no actuar contra la corrupción en el Poder Judicial y el Ministerio Público.
- José Romero Rondón, sindicalista, hace una intervención citando a Hipócrates sobre la importancia de la salud.
- La gerencia de la red residencial Cusco del Seguro Social ha recibido una solicitud para la construcción de un hospital en la provincia de Chumbivilcas.
- La provincia ha sido históricamente olvidada por los gobiernos de turno, lo que ha llevado a una falta de atención hospitalaria adecuada.
- La solicitud pide la construcción e implementación de un hospital de la seguridad social para atender a la población de Chumbivilcas y provincias aledañas.
- Se propone que el hospital se ubique en el sitio de corte marca de la provincia de Chumbivilcas, un centro de actividades económicas.
- La población del sitio de corte marca ofrece en donación 5 hectáreas de terreno para la construcción del hospital.
- Se menciona la ley que crea la Universidad Nacional de Pueblos Originales de Chumbivilcas, que incluye facultades de medicina humana y ciencia de la salud, lo que apoyaría la construcción del hospital.
- Se invita a los chumbivircanos a asistir al acto de compromiso que se firmará el día 10-15 en las instalaciones del Seguro Social.
- Se mencionan problemas locales como calles llenas de basura y vendedores ambulantes, y se pide al alcalde que tome medidas más fuertes.
- Se mencionan noticias locales, incluyendo la captura de un exalcalde acusado de corrupción, la falta de apoyo a los familiares de un fallecido, y la aprobación de un plan de trabajo para investigar a la Junta Nacional de Justicia.
- Se menciona una queja de una residente de San Sebastián sobre un problema de desagüe en su casa.
- Se reporta un problema de desagüe en la calle Mariscal Cáceres, San Sebastián, que afecta a una casa cercana a un colegio.
- Jorge de la Cruz, de Laboratorio San Gisa, presenta una oferta especial de colágeno hidrolisado para problemas de huesos y articulaciones, a un precio de 65 soles por tres tratamientos de 100 cápsulas. Además, regala un tratamiento para problemas respiratorios.
- También ofrece un tratamiento para inflamación de la próstata y vías urinarias a 59 soles por tres tratamientos, con un regalo de vitaminas de maca negra para la impotencia.
- Para problemas de colesterol y triglicéridos elevados, ofrece dos tratamientos por 60 soles, con un regalo de vitamina y frotación.
- Laboratorio San Gisa se ubica en el Centro Comercial Cusco Sol Plaza, tienda 104, y en la Avenida La Cultura, frente al Hospital Regional, en el Centro Comercial Plaza Sur, tienda número 25.
- Se menciona que el arquero peruano Pedro Galese tiene raíces cusqueñas.
- Se denuncia que la Municipalidad de Huanchac otorga licencias de construcción en pasajes estrechos, lo que dificulta la movilidad de los residentes y el acceso a servicios de emergencia. Se solicita la intervención del municipio para corregir la situación.
- El 84% de los peruanos no cree en la palabra del congresista Guillermo Bermejo, quien niega haber cobrado coimas.
- Enfermeros de San Juan de San Mantaro, en Junín, han sido secuestrados, posiblemente por terroristas.
- El INE retoma el liderazgo nacional para tratar el cáncer.
- En el deporte, Perú empató en un gran partido contra Brasil.
- La urbanización Mariscal Gamarra en Cusco está siendo invadida por sus propios habitantes, quienes están construyendo en áreas públicas.
- Los controles prenatales son esenciales para el crecimiento y desarrollo del bebé y la salud de la madre.
- El tren local es el único medio de transporte para los habitantes de Machu Picchu y sus comunidades, operado por Perú Rail.
- La ciudad de Cusco enfrenta una sequía y el fenómeno del viño, amenazando las fuentes de agua.
- Subcafé Cusco ofrece préstamos con las tasas más bajas del sector.
- La lactancia materna es la forma ideal de proporcionar a los niños los nutrientes necesarios para un crecimiento y desarrollo saludable.
- Se recomienda la lactancia exclusiva hasta los seis meses del bebé, después se complementará con alimentos.
- Se discute si el arquero de la selección tiene raíces en Calca, lo que sería un orgullo para el pueblo.
- El diario Correo informa sobre la convocatoria del gobierno al coordinador residente de la ONU en Perú por intromisión en el caso de la Junta Nacional de Justicia.
- Un ciudadano se queja de la empresa CERACOSCO por no instalar un medidor de agua en su propiedad.
- Se promociona la apertura de cuentas de ahorro en Cajacusco y servicios médicos asequibles en la clínica peruana.
- Se anuncia un corte de energía eléctrica en la avenida Los Incas, avenida La Cultura Pasaje del Solar y Cahuide en el distrito de Huanchac.
- Un ciudadano de la provincia de Calca pide confirmación sobre las raíces de Pedro Gallexi en la región.
- La representante de Amigos Orientes, Daisy Hurtado, se presenta en el programa.
- El médico oftalmólogo Carlos Someta Estrada de la Universidad de Ciencias Médicas de la Havana, Cuba, estará en la ciudad de Cusco por dos días.
- La consulta se realizará en el Colegio de Periodistas Alameda Pachacute.
- Se realizarán chequeos para detectar síntomas como dolor de cabeza, cansancio visual, ardor, picazón, lagrimeo, dificultad de ver de lejos y de cerca, entre otros.
- El costo de la consulta es de 10 nuevos soles para adultos y gratis para niños de 4 a 12 años.
- Se realizarán 5 evaluaciones computarizadas para descartar miopía, astigmatismo, hipermetropía, presbicia, cataratas, carnosidad, estrabismo, ambliopía, glaucoma, ojo rojo, ojo seco y lágrimeo.
- Se regalarán lentes de sol con la compra de lunas.
- La consulta se realizará desde las 9 de la mañana hasta las 8 de la noche.
- Se hace un llamado a la prevención de enfermedades futuras y a la atención de enfermedades silenciosas como el glaucoma.
- Se mencionan noticias de actualidad, como la emplazación al presidente del Poder Judicial, la clasificación de documentos de la CIA sobre Sendero y Abimael, y la expansión de cultivos de hoja de coca en comunidades.
- Se discuten los resultados de partidos de fútbol, incluyendo la derrota de Perú ante Brasil en las eliminatorias.
- Ogneonatura es un centro de medicina complementaria en Argentina y España.
- El doctor Yuri Iván Tupayá Chigarrío es el presidente de la institución.
- Ofrecen una variedad de tratamientos como homeopatía, acupuntura alemana, medicina del dolor, medicina biomenocular, ozonoterapia, terapia regenerativa y medicina natural.
- Afirman tener un tratamiento llamado "la maravilla del silo" que puede curar el cáncer.
- No utilizan fármacos en sus tratamientos.
- Se ubican en la urbanización José Carlos Berete y dos en Huancha, frente al PRONA.
- Su número de teléfono es novecientos veintinueve cero nueve treinta cuarenta.
- También tienen presencia en la plataforma televisiva de la Corporación con sus compañeros de labores, Marco Antón, en la central cuarenta y cinco noticias.
- Dan la bienvenida a los oyentes a la central cuarenta y cinco de Radio Televisión, El Diario, donde comentan sobre el clima de la ciudad.
